// Jest Snapshot v1, https://goo.gl/fbAQLP

exports[`TodoItem Component should render correctly 1`] = `<h3 />`;
