// Jest Snapshot v1, https://goo.gl/fbAQLP

exports[`TodoList Component should render correctly 1`] = `<div />`;
