// Jest Snapshot v1, https://goo.gl/fbAQLP

exports[`App Component should render correctly 1`] = `
<div>
  <TodoList
    todos={Array []}
  />
  <TodoForm
    onChange={[Function]}
    onSubmit={[Function]}
    term=""
  />
</div>
`;
